IsMachineLevel: False
hithere: `'
settings[hithere] = Hello World!
AppSettings[hithere] = Hello World!
