1
2
Exception raised: System.Configuration.ConfigurationErrorsException
