DefaultProvider = MyRsaProtectedConfigurationProvider
MyRsaProtectedConfigurationProvider
keyContainerName = MyKeys
useMachineContainer = True
