IsMachineLevel: False
settings[hithere] = Goodbye World!
AppSettings[hithere] = Goodbye World!
